{"sha256": "f15d7d9a8804ed218d80e9474862d3472c21ff59a8075bee5c19899f886473da", "bytes_uploaded": 121044, "url": "sftp:////doc/cor/20250913c.txt", "content_type": "application/octet-stream", "status_code": 200}