{"bundle_hash": "7ae4d5739a8492e3e9ca311d5eccdec0e75705cbf8e2eeb0b24621372ae726ba", "source": "sftp", "run_id": "fetcher_us_fl_20250918223012", "resources_count": 1}