{"bid": "bid:v1:us_fl:20250918223026:0220a93a", "primary_url": "sftp://doc/cor/20250913c.txt", "resources_count": 0, "meta": {"url": "sftp://doc/cor/20250913c.txt", "resources_count": 0}, "config_id": ""}