{"sha256": "b3a7dd309a31f0299bb7cfe99605b2262d4993b57a7d2fbe4f509a3c2444d8c3", "bytes_uploaded": 70609, "url": "sftp:////doc/cor/20250915c.txt", "content_type": "application/octet-stream", "status_code": 200}