{"bundle_hash": "8bd137065a12d11ac9fffbd3dcf1305932fc3002d8ff0e000503c55ccdbb61be", "source": "sftp", "run_id": "fetcher_us_fl_20250918223012", "resources_count": 1}