{"bid": "bid:v1:us_fl:20250918223024:fee3eac9", "primary_url": "sftp://doc/cor/20250829c.txt", "resources_count": 0, "meta": {"url": "sftp://doc/cor/20250829c.txt", "resources_count": 0}, "config_id": ""}