{
  "resource_name": "entreprises_sirene_V3.11_siren",
  "source_url": "http://localhost:5001/entreprises/sirene/V3.11/siren?nombre=1000&curseur=*&q=-periode(categorieJuridiqueUniteLegale:1000)+AND+statutDiffusionUniteLegale:O+AND+dateDernierTraitementUniteLegale:%5B2025-09-07T00:00:00%20TO%202025-09-07T23:59:59%5D",
  "size_bytes": 2048576,
  "content_type": "application/json",
  "meta": {
    "status_code": 200,
    "content_length": 2048576,
    "retrieved_at": "2025-09-07T12:00:00Z"
  }
}
