{"sha256": "2f5814543783d43c1fdd739a5088db2e5384360d6842f46bace48d1d0973c8b5", "bytes_uploaded": 30261, "url": "sftp:////doc/cor/20250829c.txt", "content_type": "application/octet-stream", "status_code": 200}