{"bundle_hash": "9b2e2124040f616cb384795b349829bcb0b43e7e7b145340794b30a1d052d99f", "source": "sftp", "run_id": "fetcher_us_fl_20250918223012", "resources_count": 1}