{"bid": "bid:v1:us_fl:20250918223017:96f6b1ca", "primary_url": "sftp://doc/Quarterly/Cor/cordata.zip", "resources_count": null, "meta": {"url": "sftp://doc/Quarterly/Cor/cordata.zip"}, "config_id": ""}