{"bundle_hash": "086fe282a72aebcd247ed93352f29d137b915991c6457ea46b6b97adb6720765", "source": "sftp", "run_id": "fetcher_us_fl_20250918223012", "resources_count": 1}