{"bid": "bid:v1:us_fl:20250918223028:95ec03ae", "primary_url": "sftp://doc/cor/20250915c.txt", "resources_count": 0, "meta": {"url": "sftp://doc/cor/20250915c.txt", "resources_count": 0}, "config_id": ""}