{"sha256": "cd4ac61344bfe8ff489a408a228ebf5cb5748a8dcae8bc2f72204ce7ffdaf104", "bytes_uploaded": 145, "url": "sftp:////doc/Quarterly/Cor/cordata.zip", "content_type": "application/octet-stream", "status_code": 200}