id,name,date,value
1,Test Company A,2025-09-01,100.50
2,Test Company B,2025-09-01,250.75
3,Test Company C,2025-09-01,175.25
